[fintechcircle.com/index.html]
[2wpln01kngf046rqb1fkwlit.wpengine.netdna-cdn.com/wp-content/themes/fintech/assets/img/favicons/apple-icon-57x57.png]
[2wpln01kngf046rqb1fkwlit.wpengine.netdna-cdn.com/wp-content/themes/fintech/assets/img/favicons/apple-icon-60x60.png]
[2wpln01kngf046rqb1fkwlit.wpengine.netdna-cdn.com/wp-content/themes/fintech/assets/img/favicons/apple-icon-72x72.png]
[2wpln01kngf046rqb1fkwlit.wpengine.netdna-cdn.com/wp-content/themes/fintech/assets/img/favicons/apple-icon-76x76.png]
[2wpln01kngf046rqb1fkwlit.wpengine.netdna-cdn.com/wp-content/themes/fintech/assets/img/favicons/apple-icon-114x114.png]
[2wpln01kngf046rqb1fkwlit.wpengine.netdna-cdn.com/wp-content/themes/fintech/assets/img/favicons/apple-icon-120x120.png]
[2wpln01kngf046rqb1fkwlit.wpengine.netdna-cdn.com/wp-content/themes/fintech/assets/img/favicons/apple-icon-144x144.png]
[2wpln01kngf046rqb1fkwlit.wpengine.netdna-cdn.com/wp-content/themes/fintech/assets/img/favicons/apple-icon-152x152.png]
[2wpln01kngf046rqb1fkwlit.wpengine.netdna-cdn.com/wp-content/themes/fintech/assets/img/favicons/apple-icon-180x180.png]
[2wpln01kngf046rqb1fkwlit.wpengine.netdna-cdn.com/wp-content/themes/fintech/assets/img/favicons/android-icon-192x192.png]
[2wpln01kngf046rqb1fkwlit.wpengine.netdna-cdn.com/wp-content/themes/fintech/assets/img/favicons/favicon-32x32.png]
[2wpln01kngf046rqb1fkwlit.wpengine.netdna-cdn.com/wp-content/themes/fintech/assets/img/favicons/favicon-96x96.png]
[2wpln01kngf046rqb1fkwlit.wpengine.netdna-cdn.com/wp-content/themes/fintech/assets/img/favicons/favicon-16x16.png]
[backblue.gif]
[fade.gif]
[index.html]
[2wpln01kngf046rqb1fkwlit.wpengine.netdna-cdn.com/wp-content/uploads/wp-less/fintech/fintech-72f948269b.css]
[2wpln01kngf046rqb1fkwlit.wpengine.netdna-cdn.com/wp-content/themes/fintech/assets/lib/fullpage/fullpage4a41.css]
[2wpln01kngf046rqb1fkwlit.wpengine.netdna-cdn.com/wp-content/uploads/wp-less/fintech/assets/lib/slick/slick-228b4c5c19.css]
[fintechcircle.com/comments/feed/index.html]
[fintechcircle.com/feed/index.html]
[2wpln01kngf046rqb1fkwlit.wpengine.netdna-cdn.com/wp-content/uploads/wp-less/fintech/assets/lib/slick/slick-theme-0bfa23a109.css]
[maxcdn.bootstrapcdn.com/bootstrap/3.3.7/css/bootstrap.min.css]
[2wpln01kngf046rqb1fkwlit.wpengine.netdna-cdn.com/wp-content/themes/fintech/style4a41.css]
[2wpln01kngf046rqb1fkwlit.wpengine.netdna-cdn.com/wp-content/plugins/popup-for-contact-form-7/css/custom-style4a41.css]
[2wpln01kngf046rqb1fkwlit.wpengine.netdna-cdn.com/wp-includes/js/jquery/jqueryb8ff.js]
[2wpln01kngf046rqb1fkwlit.wpengine.netdna-cdn.com/wp-includes/js/jquery/jquery-migrate.min330a.js]
[2wpln01kngf046rqb1fkwlit.wpengine.netdna-cdn.com/wp-content/plugins/popup-for-contact-form-7/js/custom-script4a41.js]
[fintechcircle.com/xmlrpc0db0.php]
[fintechcircle.com/wp-json/index.html]
[fintechcircle.com/wp-includes/wlwmanifest.xml]
[fintechcircle.com/wp-json/oembed/1.0/embedf170.json]
[fintechcircle.com/wp-json/oembed/1.0/embed4ded]
[fintechcircle.com/learn/index.html]
[fintechcircle.com/invest/index.html]
[fintechcircle.com/invest/startups/index.html]
[fintechcircle.com/invest/investors/index.html]
[fintechcircle.com/invest/join/index.html]
[fintechcircle.com/learn/book/index.html]
[fintechcircle.com/learn/courses/index.html]
[fintechcircle.com/about-us/index.html]
[fintechcircle.com/learn/tours/index.html]
[fintechcircle.com/insights/index.html]
[fintechcircle.com/news/index.html]
[fintechcircle.com/partners/index.html]
[fintechcircle.com/innovate]
[fintechcircle.com/events/index.html]
[2wpln01kngf046rqb1fkwlit.wpengine.netdna-cdn.com/wp-content/plugins/contact-form-7/includes/js/jquery.form.mind03d.js]
[2wpln01kngf046rqb1fkwlit.wpengine.netdna-cdn.com/wp-content/plugins/contact-form-7/includes/js/scripts1c9b.js]
[fintechcircle.com/community/index.html]
[2wpln01kngf046rqb1fkwlit.wpengine.netdna-cdn.com/wp-content/plugins/bootstrap-for-contact-form-7/assets/dist/js/scripts.min1159.js]
[2wpln01kngf046rqb1fkwlit.wpengine.netdna-cdn.com/wp-content/themes/fintech/hoverIntent.js]
[2wpln01kngf046rqb1fkwlit.wpengine.netdna-cdn.com/wp-content/themes/fintech/assets/lib/slick/slick.js]
[2wpln01kngf046rqb1fkwlit.wpengine.netdna-cdn.com/wp-content/themes/fintech/assets/lib/fullpage/fullpage.js]
[maxcdn.bootstrapcdn.com/bootstrap/3.3.7/js/bootstrap.min.js]
[2wpln01kngf046rqb1fkwlit.wpengine.netdna-cdn.com/wp-content/themes/twentyseventeen/assets/js/skip-link-focus-fix5152.js]
[2wpln01kngf046rqb1fkwlit.wpengine.netdna-cdn.com/wp-content/themes/twentyseventeen/assets/js/navigation5152.js]
[2wpln01kngf046rqb1fkwlit.wpengine.netdna-cdn.com/wp-content/themes/twentyseventeen/assets/js/global5152.js]
[2wpln01kngf046rqb1fkwlit.wpengine.netdna-cdn.com/wp-content/themes/twentyseventeen/assets/js/jquery.scrollTo431f.js]
[2wpln01kngf046rqb1fkwlit.wpengine.netdna-cdn.com/wp-includes/js/wp-embed.min4a41.js]
[www.google-analytics.com/analytics.js]
[fintechcircle.com/index.html]
[fintechcircle.com/wp-content/themes/fintech/assets/img/book-bg.jpg]
[fintechcircle.com/wp-content/themes/fintech/assets/img/icon-tweeter-red.png]
[fintechcircle.com/wp-content/themes/fintech/assets/img/icon-tweeter-reddarker.png]
[fintechcircle.com/wp-content/themes/fintech/assets/img/icon-tweeter-green.png]
[fintechcircle.com/wp-content/themes/fintech/assets/img/icon-tweeter-greendarker.png]
[fintechcircle.com/wp-content/themes/fintech/assets/img/icon-tweeter-purple.png]
[fintechcircle.com/wp-content/themes/fintech/assets/img/icon-tweeter-purpledarker.png]
[s7.addthis.com/js/300/addthis_widget.js]
[fintechcircle.com/wp-content/themes/fintech/assets/img/book-1.jpg]
[fintechcircle.com/wp-content/themes/fintech/assets/img/logo-book-1.png]
[fintechcircle.com/wp-content/themes/fintech/assets/img/book-2.jpg]
[fintechcircle.com/wp-content/themes/fintech/assets/img/logo-book-2.png]
[fintechcircle.com/wp-content/themes/fintech/assets/img/book-3.jpg]
[fintechcircle.com/wp-content/themes/fintech/assets/img/logo-book-3.png]
[fintechcircle.com/wp-content/themes/fintech/assets/img/icon-linkedin.png]
[fintechcircle.com/wp-content/themes/fintech/assets/img/icon-linkedin-green.png]
[fintechcircle.com/wp-content/themes/fintech/assets/img/icon-twitter.png]
[fintechcircle.com/wp-content/themes/fintech/assets/img/icon-twitter-green.png]
[fintechcircle.com/wp-content/themes/fintech/assets/img/arrow-down-light.png]
[fintechcircle.com/wp-content/themes/fintech/assets/img/arrow-down-dark.png]
[fintechcircle.com/wp-content/themes/fintech/assets/img/logo-fintech.svg]
[fintechcircle.com/wp-content/themes/fintech/assets/img/icon-menu.png]
[fintechcircle.com/wp-content/themes/fintech/assets/img/icon-close-button.png]
[fintechcircle.com/wp-content/themes/fintech/assets/img/icon-home.png]
[fintechcircle.com/wp-content/themes/fintech/assets/img/arrow-right.png]
[fintechcircle.com/wp-content/themes/fintech/assets/img/icon-subscribe.png]
[fintechcircle.com/wp-content/themes/fintech/assets/img/icon-form.png]
[fintechcircle.com/wp-content/themes/fintech/assets/img/img-portfolio.jpg]
[fintechcircle.com/wp-content/themes/fintech/assets/img/section-2.jpg]
[fintechcircle.com/wp-content/themes/fintech/assets/img/innovate-img.jpg]
[fintechcircle.com/wp-content/themes/fintech/assets/img/learn-img.jpg]
[fintechcircle.com/wp-content/themes/fintech/assets/img/icon-rocket.png]
[fintechcircle.com/wp-content/themes/fintech/assets/img/icon-investor.png]
[fintechcircle.com/wp-content/themes/fintech/assets/img/icon-join.png]
[fintechcircle.com/wp-content/themes/fintech/assets/img/icon-knowledge-blue.png]
[fintechcircle.com/wp-content/themes/fintech/assets/img/icon-door-blue.png]
[fintechcircle.com/wp-content/themes/fintech/assets/img/icon-seminars-blue.png]
[fintechcircle.com/wp-content/themes/fintech/assets/img/startups-bg.png]
[fintechcircle.com/wp-content/themes/fintech/assets/img/icon-summary.png]
[fintechcircle.com/wp-content/themes/fintech/assets/img/icon-pitch.png]
[fintechcircle.com/wp-content/themes/fintech/assets/img/icon-video.png]
[fintechcircle.com/wp-content/themes/fintech/assets/img/icon-buildings-white.png]
[fintechcircle.com/wp-content/themes/fintech/assets/img/icon-500k-white.png]
[fintechcircle.com/wp-content/themes/fintech/assets/img/icon-seis-white.png]
[fintechcircle.com/wp-content/themes/fintech/assets/img/icon-earth-blue.png]
[fintechcircle.com/wp-content/themes/fintech/assets/img/icon-chart-blue.png]
[fintechcircle.com/wp-content/themes/fintech/assets/img/icon-alumni-blue.png]
[fintechcircle.com/wp-content/themes/fintech/assets/img/icon-chat-blue.png]
[fintechcircle.com/wp-content/themes/fintech/assets/img/icon-partnerplus-blue.png]
[fintechcircle.com/wp-content/themes/fintech/assets/img/icon-book-blue.png]
[fintechcircle.com/wp-content/themes/fintech/assets/img/icon-innovate-earth.png]
[fintechcircle.com/wp-content/themes/fintech/assets/img/icon-innovate-openapi.png]
[fintechcircle.com/wp-content/themes/fintech/assets/img/icon-innovate-portfolio.png]
[fintechcircle.com/wp-content/themes/fintech/assets/img/icon-linkedin-empty.png]
[fintechcircle.com/wp-content/themes/fintech/assets/img/icon-transformation-purple.png]
[fintechcircle.com/wp-content/themes/fintech/assets/img/icon-cup-purple.png]
[fintechcircle.com/wp-content/themes/fintech/assets/img/icon-openapi-white.png]
[fintechcircle.com/wp-content/themes/fintech/assets/img/icon-earth-white-innovation.png]
[fintechcircle.com/wp-content/themes/fintech/assets/img/icon-bulbhand-white.png]
[fintechcircle.com/wp-content/themes/fintech/assets/img/icon-openapi-purple.png]
[fintechcircle.com/wp-content/themes/fintech/assets/img/icon-regulatoryrisk-purple.png]
[fintechcircle.com/wp-content/themes/fintech/assets/img/icon-agility-white.png]
[fintechcircle.com/wp-content/themes/fintech/assets/img/icon-speed-white.png]
[fintechcircle.com/wp-content/themes/fintech/assets/img/icon-testing.png]
[fintechcircle.com/wp-content/themes/fintech/assets/img/icon-rd.png]
[fintechcircle.com/wp-content/themes/fintech/assets/img/icon-risk-white.png]
[fintechcircle.com/wp-content/themes/fintech/assets/img/icon-industry-purple.png]
[fintechcircle.com/wp-content/themes/fintech/assets/img/icon-earth-purple.png]
[fintechcircle.com/wp-content/themes/fintech/assets/img/icon-model-purple.png]
[fintechcircle.com/wp-content/themes/fintech/assets/img/icon-minus-grey.png]
[fintechcircle.com/wp-content/themes/fintech/assets/img/icon-plus-grey.png]
[fintechcircle.com/wp-content/themes/fintech/assets/img/icon-minus-green.png]
[fintechcircle.com/wp-content/themes/fintech/assets/img/icon-plus-green.png]
[fintechcircle.com/wp-content/themes/fintech/assets/img/icon-twitter-grey.png]
[fintechcircle.com/wp-content/themes/fintech/assets/img/icon-linkedin-grey.png]
[fintechcircle.com/wp-content/themes/fintech/assets/img/news-ipad.jpg]
[fintechcircle.com/wp-content/themes/fintech/assets/img/download-arrow.png]
[fintechcircle.com/wp-content/themes/fintech/assets/img/icon-speaker-orange.png]
[fintechcircle.com/wp-content/themes/fintech/assets/img/icon-rocket-orange.png]
[fintechcircle.com/wp-content/themes/fintech/assets/img/tours-bg.png]
[fintechcircle.com/wp-content/themes/fintech/assets/img/icon-tours-people.png]
[fintechcircle.com/wp-content/themes/fintech/assets/img/icon-tours-earth.png]
[fintechcircle.com/wp-content/themes/fintech/assets/img/icon-tours-collaborate.png]
[fintechcircle.com/wp-content/themes/fintech/assets/img/img-tours-1.jpg]
[fintechcircle.com/wp-content/themes/fintech/assets/img/img-tours-2.jpg]
[fintechcircle.com/wp-content/themes/fintech/assets/img/quotes-open.png]
[fintechcircle.com/wp-content/themes/fintech/assets/img/quotes-close.png]
[fintechcircle.com/wp-content/themes/fintech/assets/img/icon-network-orange.png]
[fintechcircle.com/wp-content/themes/fintech/assets/img/icon-connections-orange.png]
[fintechcircle.com/wp-content/themes/fintech/assets/img/icon-london-orange.png]
[fintechcircle.com/wp-content/themes/fintech/assets/img/icon-models-orange.png]
[fintechcircle.com/wp-content/themes/fintech/assets/img/bullet.png]
[fintechcircle.com/wp-content/themes/fintech/assets/img/quotes-open-white.png]
[fintechcircle.com/wp-content/themes/fintech/assets/img/quotes-close-white.png]
[fintechcircle.com/wp-content/themes/fintech/assets/img/portrait-balazs.jpg]
[fintechcircle.com/wp-content/themes/fintech/assets/img/logo-justloangroup.png]
[fintechcircle.com/wp-content/themes/fintech/assets/img/logo-london-partners.png]
[fintechcircle.com/wp-content/themes/fintech/assets/img/logo-kpmg.png]
[fintechcircle.com/wp-content/themes/fintech/assets/img/icon-minus-orange.png]
[fintechcircle.com/wp-content/themes/fintech/assets/img/icon-plus-orange.png]
[fintechcircle.com/wp-content/themes/fintech/assets/img/icon-network.png]
[fintechcircle.com/wp-content/themes/fintech/assets/img/icon-rocket-grey.png]
[fintechcircle.com/wp-content/themes/fintech/assets/img/icon-investor-grey.png]
[fintechcircle.com/wp-content/themes/fintech/assets/img/icon-earth-grey.png]
[fintechcircle.com/wp-content/themes/fintech/assets/img/icon-check.png]
[fintechcircle.com/wp-content/themes/fintech/assets/img/icon-calendar.png]
[fintechcircle.com/wp-content/themes/fintech/assets/img/icon-add-investor.png]
[fintechcircle.com/wp-content/themes/fintech/assets/img/icon-investor-white.png]
[fintechcircle.com/wp-content/themes/fintech/assets/img/icon-earth-white.png]
[fintechcircle.com/wp-content/themes/fintech/assets/img/icon-book-white.png]
[fintechcircle.com/wp-content/themes/fintech/assets/img/icon-bulb-orange.png]
[fintechcircle.com/wp-content/themes/fintech/assets/img/icon-card-orange.png]
[fintechcircle.com/wp-content/themes/fintech/assets/img/icon-master.png]
[fintechcircle.com/wp-content/themes/fintech/assets/img/icon-puzzle.png]
[fintechcircle.com/wp-content/themes/fintech/assets/img/icon-check-orange.png]
[fintechcircle.com/wp-content/themes/fintech/assets/img/icon-calendar-oneday.png]
[fintechcircle.com/wp-content/themes/fintech/assets/img/icon-calendar-halfday.png]
[fintechcircle.com/wp-content/themes/fintech/assets/img/learn-img1.jpg]
[fintechcircle.com/wp-content/themes/fintech/assets/img/learn-img2.jpg]
[fintechcircle.com/wp-content/themes/fintech/assets/img/learn-img3.jpg]
[fintechcircle.com/wp-content/themes/fintech/assets/img/learn-img4.jpg]
[fintechcircle.com/wp-content/themes/fintech/assets/img/city.jpg]
[fintechcircle.com/wp-content/themes/fintech/assets/img/icon-twitter-empty.png]
[fintechcircle.com/wp-content/themes/fintech/assets/img/events.jpg]
[fintechcircle.com/wp-content/themes/fintech/assets/img/arrow-left.png]
[fintechcircle.com/wp-content/themes/fintech/assets/img/x-close.png]
[fintechcircle.com/wp-content/themes/fintech/assets/img/btn-close.png]
[fintechcircle.com/wp-content/themes/fintech/assets/img/arrow-next.png]
[fintechcircle.com/wp-content/themes/fintech/assets/img/arrow-previous.png]
[fintechcircle.com/wp-content/themes/fintech/assets/img/arrow-right-blue.png]
[fintechcircle.com/wp-content/themes/fintech/assets/img/arrow-right-bluedarker.png]
[fintechcircle.com/wp-content/themes/fintech/assets/img/section-1.jpg]
[fintechcircle.com/wp-content/themes/fintech/assets/img/icon-book-orange.png]
[fintechcircle.com/wp-content/themes/fintech/assets/img/icon-academy-orange.png]
[fintechcircle.com/wp-content/themes/fintech/assets/img/icon-tour-orange.png]
[2wpln01kngf046rqb1fkwlit.wpengine.netdna-cdn.com/wp-content/uploads/wp-less/fintech/fintech-72f948269b.css]
[2wpln01kngf046rqb1fkwlit.wpengine.netdna-cdn.com/wp-content/themes/fintech/assets/lib/fullpage/fullpage4a41.css]
[2wpln01kngf046rqb1fkwlit.wpengine.netdna-cdn.com/wp-content/uploads/wp-less/fintech/assets/lib/slick/slick-228b4c5c19.css]
[fintechcircle.com/wp-content/themes/fintech/assets/lib/slick/ajax-loader.gif]
[fintechcircle.com/wp-content/themes/fintech/assets/lib/slick/fonts/slick.eot]
[fintechcircle.com/wp-content/themes/fintech/assets/lib/slick/fonts/slickd41d.eot]
[fintechcircle.com/wp-content/themes/fintech/assets/lib/slick/fonts/slick.woff]
[fintechcircle.com/wp-content/themes/fintech/assets/lib/slick/fonts/slick.ttf]
[fintechcircle.com/wp-content/themes/fintech/assets/lib/slick/fonts/slick.svg]
[2wpln01kngf046rqb1fkwlit.wpengine.netdna-cdn.com/wp-content/uploads/wp-less/fintech/assets/lib/slick/slick-theme-0bfa23a109.css]
[maxcdn.bootstrapcdn.com/bootstrap/3.3.7/css/bootstrap.min.css]
[2wpln01kngf046rqb1fkwlit.wpengine.netdna-cdn.com/wp-content/themes/fintech/style4a41.css]
[2wpln01kngf046rqb1fkwlit.wpengine.netdna-cdn.com/wp-content/plugins/popup-for-contact-form-7/css/custom-style4a41.css]
[2wpln01kngf046rqb1fkwlit.wpengine.netdna-cdn.com/wp-includes/js/jquery/jqueryb8ff.js]
[2wpln01kngf046rqb1fkwlit.wpengine.netdna-cdn.com/wp-includes/js/jquery/jquery-migrate.min330a.js]
[2wpln01kngf046rqb1fkwlit.wpengine.netdna-cdn.com/wp-content/plugins/popup-for-contact-form-7/js/custom-script4a41.js]
[fintechcircle.com/wp-json/oembed/1.0/embed0c11.json]
[fintechcircle.com/wp-json/oembed/1.0/embedd8a5]
[2wpln01kngf046rqb1fkwlit.wpengine.netdna-cdn.com/wp-content/themes/fintech/assets/img/invest/logo-algodynamix.png]
[2wpln01kngf046rqb1fkwlit.wpengine.netdna-cdn.com/wp-content/themes/fintech/assets/img/invest/logo-almax.png]
[2wpln01kngf046rqb1fkwlit.wpengine.netdna-cdn.com/wp-content/themes/fintech/assets/img/invest/logo-clearmacro.png]
[2wpln01kngf046rqb1fkwlit.wpengine.netdna-cdn.com/wp-content/themes/fintech/assets/img/invest/logo-equant.png]
[2wpln01kngf046rqb1fkwlit.wpengine.netdna-cdn.com/wp-content/themes/fintech/assets/img/invest/logo-funding.png]
[2wpln01kngf046rqb1fkwlit.wpengine.netdna-cdn.com/wp-content/themes/fintech/assets/img/invest/logo-getalbert.png]
[2wpln01kngf046rqb1fkwlit.wpengine.netdna-cdn.com/wp-content/themes/fintech/assets/img/invest/logo-thehub.png]
[2wpln01kngf046rqb1fkwlit.wpengine.netdna-cdn.com/wp-content/themes/fintech/assets/img/invest/logo-konsileo.png]
[2wpln01kngf046rqb1fkwlit.wpengine.netdna-cdn.com/wp-content/themes/fintech/assets/img/invest/logo-kasko.png]
[2wpln01kngf046rqb1fkwlit.wpengine.netdna-cdn.com/wp-content/themes/fintech/assets/img/invest/logo-netz.png]
[2wpln01kngf046rqb1fkwlit.wpengine.netdna-cdn.com/wp-content/themes/fintech/assets/img/invest/logo-obsidian.png]
[2wpln01kngf046rqb1fkwlit.wpengine.netdna-cdn.com/wp-content/themes/fintech/assets/img/invest/logo-xcordis.png]
[2wpln01kngf046rqb1fkwlit.wpengine.netdna-cdn.com/wp-content/themes/fintech/assets/img/invest/logo-unizest.png]
[2wpln01kngf046rqb1fkwlit.wpengine.netdna-cdn.com/wp-content/themes/fintech/assets/img/invest/logo-myfuturenow.png]
[2wpln01kngf046rqb1fkwlit.wpengine.netdna-cdn.com/wp-content/themes/fintech/assets/img/invest/logo-futuremobilemoney.png]
[2wpln01kngf046rqb1fkwlit.wpengine.netdna-cdn.com/wp-content/themes/fintech/assets/img/invest/logo-bigcouch.png]
[2wpln01kngf046rqb1fkwlit.wpengine.netdna-cdn.com/wp-content/themes/fintech/assets/img/invest/logo-bean.png]
[fintechcircle.com/invest/index.html]
[fintechcircle.com/wp-json/oembed/1.0/embed39a9.json]
[fintechcircle.com/learn/index.html]
[fintechcircle.com/wp-json/oembed/1.0/embed2752]
[fintechcircle.com/wp-json/oembed/1.0/embedc476.json]
[fintechcircle.com/invest/startups/index.html]
[fintechcircle.com/wp-json/oembed/1.0/embed4062]
[fintechcircle.com/wp-json/oembed/1.0/embedf798.json]
[fintechcircle.com/invest/investors/index.html]
[fintechcircle.com/wp-json/oembed/1.0/embedac5d]
[fintechcircle.com/wp-json/oembed/1.0/embed3e71.json]
[fintechcircle.com/invest/join/index.html]
[fintechcircle.com/wp-json/oembed/1.0/embed4f68]
[fintechcircle.com/wp-json/oembed/1.0/embed292e.json]
[fintechcircle.com/learn/book/index.html]
[fintechcircle.com/wp-json/oembed/1.0/embede075]
[fintechcircle.com/wp-json/oembed/1.0/embedde00.json]
[fintechcircle.com/wp-json/oembed/1.0/embedae13]
[2wpln01kngf046rqb1fkwlit.wpengine.netdna-cdn.com/wp-content/themes/fintech/assets/img/visual-map.png]
[fintechcircle.com/learn/courses/index.html]
[fintechcircle.com/wp-json/oembed/1.0/embedd1e2.json]
[fintechcircle.com/wp-json/oembed/1.0/embed9c60]
[fintechcircle.com/learn/tours/info@fintechcircle.com]
[2wpln01kngf046rqb1fkwlit.wpengine.netdna-cdn.com/wp-content/themes/fintech/assets/img/phone.png]
[fintechcircle.com/learn/tours/index.html]
[fintechcircle.com/wp-json/oembed/1.0/embed811d.json]
[fintechcircle.com/wp-json/oembed/1.0/embed8ade]
[2wpln01kngf046rqb1fkwlit.wpengine.netdna-cdn.com/wp-content/themes/fintech/assets/img/photo-susanne.jpg]
[2wpln01kngf046rqb1fkwlit.wpengine.netdna-cdn.com/wp-content/themes/fintech/assets/img/photo-nicole.jpg]
[2wpln01kngf046rqb1fkwlit.wpengine.netdna-cdn.com/wp-content/themes/fintech/assets/img/photo-noel.jpg]
[2wpln01kngf046rqb1fkwlit.wpengine.netdna-cdn.com/wp-content/themes/fintech/assets/img/photo-nicolas.jpg]
[2wpln01kngf046rqb1fkwlit.wpengine.netdna-cdn.com/wp-content/themes/fintech/assets/img/photo-melissa.jpg]
[2wpln01kngf046rqb1fkwlit.wpengine.netdna-cdn.com/wp-content/themes/fintech/assets/img/photo-denislav.jpg]
[fintechcircle.com/about-us/index.html]
[fintechcircle.com/insights/page/2/index.html]
[2wpln01kngf046rqb1fkwlit.wpengine.netdna-cdn.com/wp-content/uploads/2017/10/Insurtech-course-3.jpg]
[2wpln01kngf046rqb1fkwlit.wpengine.netdna-cdn.com/wp-content/uploads/2017/10/regtech-1.jpg]
[fintechcircle.com/insights/feed/index.html]
[fintechcircle.com/insights/insurtech-institutions/index.html]
[2wpln01kngf046rqb1fkwlit.wpengine.netdna-cdn.com/wp-content/uploads/2017/10/regtech-course1-1.jpg]
[fintechcircle.com/insights/insurtech-technology-not-enough/index.html]
[fintechcircle.com/insights/redesigning-insurtech-value-chain/index.html]
[2wpln01kngf046rqb1fkwlit.wpengine.netdna-cdn.com/wp-content/uploads/2017/10/wealthtech-course-2.jpg]
[fintechcircle.com/insights/asset-propositions-technology/index.html]
[2wpln01kngf046rqb1fkwlit.wpengine.netdna-cdn.com/wp-content/uploads/2017/10/wealthtech-course-1.jpg]
[fintechcircle.com/insights/will-wealthtech-change-world/index.html]
[2wpln01kngf046rqb1fkwlit.wpengine.netdna-cdn.com/wp-content/uploads/2017/10/wealthtech-course.jpg]
[fintechcircle.com/insights/wealthtechs-millennials-incumbents/index.html]
[2wpln01kngf046rqb1fkwlit.wpengine.netdna-cdn.com/wp-content/uploads/2017/10/regtech-course-2.jpg]
[2wpln01kngf046rqb1fkwlit.wpengine.netdna-cdn.com/wp-content/uploads/2017/10/regtech-courses-1.jpg]
[fintechcircle.com/insights/regtech-techreg-regulation-decentralised/index.html]
[fintechcircle.com/insights/regtech-environmental-regulation/index.html]
[2wpln01kngf046rqb1fkwlit.wpengine.netdna-cdn.com/wp-content/uploads/2017/10/regtech-course-1.jpg]
[fintechcircle.com/insights/index.html]
[fintechcircle.com/insights/regtech-emerging-markets/index.html]
[fintechcircle.com/insights/page/15/index.html]
[fintechcircle.com/insights/regtech-society/index.html]
[2wpln01kngf046rqb1fkwlit.wpengine.netdna-cdn.com/wp-content/uploads/2017/09/Slide4.jpg]
[fintechcircle.com/2017/10/insights/index.html]
[fintechcircle.com/2017/09/insights/index.html]
[fintechcircle.com/2017/08/insights/index.html]
[2wpln01kngf046rqb1fkwlit.wpengine.netdna-cdn.com/wp-content/uploads/2017/07/online-courses-insurtech.png]
[fintechcircle.com/2017/07/insights/index.html]
[fintechcircle.com/2017/06/insights/index.html]
[fintechcircle.com/2017/05/insights/index.html]
[2wpln01kngf046rqb1fkwlit.wpengine.netdna-cdn.com/wp-content/uploads/2017/07/women_in_finance_charter.jpg]
[fintechcircle.com/2017/04/insights/index.html]
[fintechcircle.com/2017/03/insights/index.html]
[2wpln01kngf046rqb1fkwlit.wpengine.netdna-cdn.com/wp-content/uploads/2017/07/download-1.png]
[fintechcircle.com/news/feed/index.html]
[fintechcircle.com/news/94-bluffing-fintech-skills/index.html]
[2wpln01kngf046rqb1fkwlit.wpengine.netdna-cdn.com/wp-content/uploads/2017/06/Capture-6.png]
[fintechcircle.com/news/insurtech-insurance-themes/index.html]
[2wpln01kngf046rqb1fkwlit.wpengine.netdna-cdn.com/wp-content/uploads/2017/06/Capture-4.png]
[fintechcircle.com/news/australian-retail-banker-interview/index.html]
[2wpln01kngf046rqb1fkwlit.wpengine.netdna-cdn.com/wp-content/uploads/2017/06/FINTECH-Circle-Logo-Turquoise.105.delayed]
[fintechcircle.com/news/women-in-finance/index.html]
[fintechcircle.com/news/day-three-event-summary-money-2020-copenhagen/index.html]
[2wpln01kngf046rqb1fkwlit.wpengine.netdna-cdn.com/wp-content/uploads/2017/06/FINTECH-Circle-Innovate-Logo-Purple.106.delayed]
[fintechcircle.com/news/day-two-money-2020-copenhagen/index.html]
[fintechcircle.com/news/day-one-money-2020-copenhagen/index.html]
[2wpln01kngf046rqb1fkwlit.wpengine.netdna-cdn.com/wp-content/uploads/2017/06/FinTech-High-Res-Cover.107.delayed]
[fintechcircle.com/news/susanne-chishti-fintech5-podcast-interview/index.html]
[fintechcircle.com/news/index.html]
[fintechcircle.com/news/something-say-fintech-pitch-idea-2017-fintech-books-susanne-chishti-explains/index.html]
[fintechcircle.com/wp-json/oembed/1.0/embedd84d.json]
[fintechcircle.com/wp-json/oembed/1.0/embed03eb]
[2wpln01kngf046rqb1fkwlit.wpengine.netdna-cdn.com/wp-content/themes/fintech/assets/img/logo-partner-360.png]
[2wpln01kngf046rqb1fkwlit.wpengine.netdna-cdn.com/wp-content/themes/fintech/assets/img/logo-partner-bite.png]
[2wpln01kngf046rqb1fkwlit.wpengine.netdna-cdn.com/wp-content/themes/fintech/assets/img/logo-partner-cruxy.png]
[2wpln01kngf046rqb1fkwlit.wpengine.netdna-cdn.com/wp-content/themes/fintech/assets/img/logo-partner-sictic.png]
[2wpln01kngf046rqb1fkwlit.wpengine.netdna-cdn.com/wp-content/themes/fintech/assets/img/logo-partner-money.png]
[2wpln01kngf046rqb1fkwlit.wpengine.netdna-cdn.com/wp-content/themes/fintech/assets/img/logo-partner-l39.png]
[2wpln01kngf046rqb1fkwlit.wpengine.netdna-cdn.com/wp-content/themes/fintech/assets/img/logo-owenjames.png]
[fintechcircle.com/partners/index.html]
[fintechcircle.com/events/feed/index.html]
[2wpln01kngf046rqb1fkwlit.wpengine.netdna-cdn.com/wp-content/uploads/2017/10/FINTECH-Circle-Institute-RegTECH-Masterclass-Social-Media-Card-1.jpg]
[2wpln01kngf046rqb1fkwlit.wpengine.netdna-cdn.com/wp-content/uploads/2017/06/Capture-2.114.delayed]
[2wpln01kngf046rqb1fkwlit.wpengine.netdna-cdn.com/wp-content/uploads/2017/06/2017_m2020_europe_date_primary_1-300x145.png]
[2wpln01kngf046rqb1fkwlit.wpengine.netdna-cdn.com/wp-content/uploads/2017/06/Capture-1.png]
[2wpln01kngf046rqb1fkwlit.wpengine.netdna-cdn.com/wp-content/uploads/2017/05/London-Tech-Week.png]
[fintechcircle.com/events/index.html]
[fintechcircle.com/innovate.html]
[fintechcircle.com/wp-json/oembed/1.0/embed96f4.json]
[fintechcircle.com/wp-json/oembed/1.0/embeda5c0]
[2wpln01kngf046rqb1fkwlit.wpengine.netdna-cdn.com/wp-content/themes/fintech/assets/img/community-fintech-circle.jpg]
[2wpln01kngf046rqb1fkwlit.wpengine.netdna-cdn.com/wp-content/themes/fintech/assets/img/community-fintech-circle-innovate.jpg]
[2wpln01kngf046rqb1fkwlit.wpengine.netdna-cdn.com/wp-content/themes/fintech/assets/img/community-fintech-book.jpg]
[2wpln01kngf046rqb1fkwlit.wpengine.netdna-cdn.com/wp-content/themes/fintech/assets/img/community-insurtech-book.jpg]
[fintechcircle.com/community/index.html]
[2wpln01kngf046rqb1fkwlit.wpengine.netdna-cdn.com/wp-content/plugins/contact-form-7/includes/js/jquery.form.mind03d.js]
[2wpln01kngf046rqb1fkwlit.wpengine.netdna-cdn.com/wp-content/plugins/contact-form-7/includes/js/scripts1c9b.js]
[2wpln01kngf046rqb1fkwlit.wpengine.netdna-cdn.com/wp-content/plugins/bootstrap-for-contact-form-7/assets/dist/js/scripts.min1159.js]
[2wpln01kngf046rqb1fkwlit.wpengine.netdna-cdn.com/wp-content/themes/fintech/hoverIntent.js]
[2wpln01kngf046rqb1fkwlit.wpengine.netdna-cdn.com/wp-content/themes/fintech/assets/lib/slick/slick.js]
[2wpln01kngf046rqb1fkwlit.wpengine.netdna-cdn.com/wp-content/themes/fintech/assets/lib/fullpage/fullpage.js]
[2wpln01kngf046rqb1fkwlit.wpengine.netdna-cdn.com/wp-content/themes/twentyseventeen/assets/js/skip-link-focus-fix5152.js]
[2wpln01kngf046rqb1fkwlit.wpengine.netdna-cdn.com/wp-content/themes/twentyseventeen/assets/js/navigation5152.js]
[2wpln01kngf046rqb1fkwlit.wpengine.netdna-cdn.com/wp-content/themes/twentyseventeen/assets/js/global5152.js]
[2wpln01kngf046rqb1fkwlit.wpengine.netdna-cdn.com/wp-content/themes/twentyseventeen/assets/js/jquery.scrollTo431f.js]
[2wpln01kngf046rqb1fkwlit.wpengine.netdna-cdn.com/wp-includes/js/wp-embed.min4a41.js]
[fintechcircle.com/wp-content/themes/fintech/assets/img/logo-fintech.svg]
[fintechcircle.com/wp-content/themes/fintech/assets/img/icon-linkedin.svg]
[fintechcircle.com/wp-content/themes/fintech/assets/img/icon-twitter.svg]
[fintechcircle.com/wp-content/themes/fintech/assets/lib/slick/fonts/slick.svg]
[fintechcircle.com/indexb93f.html]
[2wpln01kngf046rqb1fkwlit.wpengine.netdna-cdn.com/wp-content/themes/fintech/assets/img/invest/logo-divido.png]
[fintechcircle.com/indexfbd5.html]
[fintechcircle.com/index1e7e.html]
[fintechcircle.com/index3ba0.html]
[fintechcircle.com/index287b.html]
[fintechcircle.com/index49b1.html]
[fintechcircle.com/index7ea6.html]
[fintechcircle.com/index94b0.html]
[fintechcircle.com/learn/tours/info@fintechcircle.html]
[fintechcircle.com/index5fb3.html]
[2wpln01kngf046rqb1fkwlit.wpengine.netdna-cdn.com/wp-content/themes/fintech/assets/img/photo-cosmo.jpg]
[fintechcircle.com/insights/page/3/index.html]
[2wpln01kngf046rqb1fkwlit.wpengine.netdna-cdn.com/wp-content/uploads/2017/10/Insurtech-course-2.jpg]
[fintechcircle.com/insights/insurtech-cat-models/index.html]
[2wpln01kngf046rqb1fkwlit.wpengine.netdna-cdn.com/wp-content/uploads/2017/10/insurtech-course-101.png]
[fintechcircle.com/insights/insurtech-customers-startups-legacy/index.html]
[2wpln01kngf046rqb1fkwlit.wpengine.netdna-cdn.com/wp-content/uploads/2017/10/Insurtech-course-1.jpg]
[fintechcircle.com/insights/new-distribution-models-insurtech/index.html]
[2wpln01kngf046rqb1fkwlit.wpengine.netdna-cdn.com/wp-content/uploads/2017/10/Insurtech-course.jpg]
[fintechcircle.com/insights/insurtech-collaborating-chain/index.html]
[2wpln01kngf046rqb1fkwlit.wpengine.netdna-cdn.com/wp-content/uploads/2017/10/insurtech.jpg]
[fintechcircle.com/insights/seamless-insurance-insurtech/index.html]
[2wpln01kngf046rqb1fkwlit.wpengine.netdna-cdn.com/wp-content/uploads/2017/10/insurtech-courses.jpg]
[fintechcircle.com/insights/insurtech-distributed-ledger-isl/index.html]
[2wpln01kngf046rqb1fkwlit.wpengine.netdna-cdn.com/wp-content/uploads/2017/10/regtech-course1.jpg]
[2wpln01kngf046rqb1fkwlit.wpengine.netdna-cdn.com/wp-content/uploads/2017/10/regtech-courses.jpg]
[fintechcircle.com/insights/regulatory-data-regtech-noetl/index.html]
[fintechcircle.com/insights/regtech-shared-risk-engine/index.html]
[2wpln01kngf046rqb1fkwlit.wpengine.netdna-cdn.com/wp-content/uploads/2017/10/regtech.jpg]
[fintechcircle.com/insights/regtech-users/index.html]
[2wpln01kngf046rqb1fkwlit.wpengine.netdna-cdn.com/wp-content/uploads/2017/10/fintech-courses.jpg]
[fintechcircle.com/insights/page/2/index.html]
[fintechcircle.com/insights/regtech-industries/index.html]
[fintechcircle.com/wp-json/oembed/1.0/embed5471.json]
[fintechcircle.com/wp-json/oembed/1.0/embed49cd]
[fintechcircle.com/insights/insurtech-institutions/index.html]
[fintechcircle.com/wp-json/oembed/1.0/embed8ac7.json]
[fintechcircle.com/insights/insurtech-technology-not-enough/index.html]
[fintechcircle.com/wp-json/oembed/1.0/embed1e11]
[fintechcircle.com/wp-json/oembed/1.0/embed6b10.json]
[fintechcircle.com/insights/redesigning-insurtech-value-chain/index.html]
[fintechcircle.com/wp-json/oembed/1.0/embed38f7]
[fintechcircle.com/wp-json/oembed/1.0/embed5cd2.json]
[fintechcircle.com/insights/asset-propositions-technology/index.html]
[fintechcircle.com/wp-json/oembed/1.0/embed86ba]
[fintechcircle.com/wp-json/oembed/1.0/embed5764.json]
[fintechcircle.com/insights/will-wealthtech-change-world/index.html]
[fintechcircle.com/wp-json/oembed/1.0/embed2ef5]
[fintechcircle.com/wp-json/oembed/1.0/embed341e.json]
[fintechcircle.com/insights/wealthtechs-millennials-incumbents/index.html]
[fintechcircle.com/wp-json/oembed/1.0/embeda4c2]
[fintechcircle.com/wp-json/oembed/1.0/embed34ba.json]
[fintechcircle.com/insights/regtech-techreg-regulation-decentralised/index.html]
[fintechcircle.com/wp-json/oembed/1.0/embeda9e2]
[fintechcircle.com/wp-json/oembed/1.0/embede0ce.json]
[fintechcircle.com/insights/regtech-environmental-regulation/index.html]
[fintechcircle.com/wp-json/oembed/1.0/embed6624]
[fintechcircle.com/wp-json/oembed/1.0/embed9f1e.json]
[fintechcircle.com/insights/regtech-emerging-markets/index.html]
[fintechcircle.com/wp-json/oembed/1.0/embedc64e]
[fintechcircle.com/wp-json/oembed/1.0/embed16ce.json]
[fintechcircle.com/insights/regtech-society/index.html]
[fintechcircle.com/wp-json/oembed/1.0/embedc58c]
[2wpln01kngf046rqb1fkwlit.wpengine.netdna-cdn.com/wp-content/uploads/2017/10/regtech-course.jpg]
[2wpln01kngf046rqb1fkwlit.wpengine.netdna-cdn.com/wp-content/uploads/2017/06/3.png]
[fintechcircle.com/insights/page/14/index.html]
[fintechcircle.com/insights/china-asia-shaping-wealth-management-industry/index.html]
[fintechcircle.com/insights/page/15/index.html]
[fintechcircle.com/insights/open-banking-will-make-customer-judge/index.html]
[fintechcircle.com/insights/african-fintech-opportunity/index.html]
[fintechcircle.com/2017/10/insights/index.html]
[fintechcircle.com/insights/fintech-newsletter-may-2017/index.html]
[fintechcircle.com/insights/fintech-newsletter-april-2017/index.html]
[fintechcircle.com/insights/httpswww-thememo-com20170323starling-monzo-azimo-funding-circle-women-finance-charter-fintech/index.html]
[fintechcircle.com/2017/10/insights/page/2/index.html]
[2wpln01kngf046rqb1fkwlit.wpengine.netdna-cdn.com/wp-content/uploads/2017/09/regtech-3.jpg]
[fintechcircle.com/2017/10/insights/page/3/index.html]
[fintechcircle.com/insights/regtech-applications/index.html]
[2wpln01kngf046rqb1fkwlit.wpengine.netdna-cdn.com/wp-content/uploads/2017/09/learn-fintech.jpg]
[2wpln01kngf046rqb1fkwlit.wpengine.netdna-cdn.com/wp-content/uploads/2017/09/regtech-course.jpg]
[fintechcircle.com/2017/09/insights/index.html]
[fintechcircle.com/insights/regtech/index.html]
[fintechcircle.com/2017/09/insights/page/2/index.html]
[fintechcircle.com/2017/09/insights/page/3/index.html]
[2wpln01kngf046rqb1fkwlit.wpengine.netdna-cdn.com/wp-content/uploads/2017/08/insurtech-fintech.jpg]
[2wpln01kngf046rqb1fkwlit.wpengine.netdna-cdn.com/wp-content/uploads/2017/08/regtec.jpg]
[fintechcircle.com/insights/claim-settlement-insurtech-predictive-analytics/index.html]
[fintechcircle.com/insights/banking-supervision-crossroads/index.html]
[2wpln01kngf046rqb1fkwlit.wpengine.netdna-cdn.com/wp-content/uploads/2017/08/insurance-insurtec.jpg]
[fintechcircle.com/insights/insurtech-fintech-insurance/index.html]
[2wpln01kngf046rqb1fkwlit.wpengine.netdna-cdn.com/wp-content/uploads/2017/08/wealthtech-cybersecurity-1.jpg]
[2wpln01kngf046rqb1fkwlit.wpengine.netdna-cdn.com/wp-content/uploads/2017/08/regtech-fintech.jpg]
[fintechcircle.com/insights/wealth-management-cybersecurity-fintech/index.html]
[fintechcircle.com/insights/surveillance-regtech-fintech/index.html]
[2wpln01kngf046rqb1fkwlit.wpengine.netdna-cdn.com/wp-content/uploads/2017/08/shutterstock_378418291-2.jpg]
[fintechcircle.com/insights/insurtech-traction/index.html]
[2wpln01kngf046rqb1fkwlit.wpengine.netdna-cdn.com/wp-content/uploads/2017/08/regulation-regtech.png]
[fintechcircle.com/insights/behavioural-wealthtech-fintech/index.html]
[fintechcircle.com/insights/regtech-legacy-tools/index.html]
[2wpln01kngf046rqb1fkwlit.wpengine.netdna-cdn.com/wp-content/uploads/2017/08/insurance-insurtech-fintech.png]
[fintechcircle.com/insights/insurtech-insurance-trends/index.html]
[2wpln01kngf046rqb1fkwlit.wpengine.netdna-cdn.com/wp-content/uploads/2017/08/wealthtech-fintech-robo.png]
[fintechcircle.com/2017/08/insights/index.html]
[fintechcircle.com/insights/private-banker-fintech/index.html]
[2wpln01kngf046rqb1fkwlit.wpengine.netdna-cdn.com/wp-content/uploads/2017/07/course-insurtech-fintech.png]
[fintechcircle.com/2017/08/insights/page/2/index.html]
[fintechcircle.com/2017/08/insights/page/3/index.html]
[2wpln01kngf046rqb1fkwlit.wpengine.netdna-cdn.com/wp-content/uploads/2017/07/wealthtech-fintech-course.png]
[2wpln01kngf046rqb1fkwlit.wpengine.netdna-cdn.com/wp-content/uploads/2017/07/regtech-online-course.png]
[fintechcircle.com/insights/personal-financial-intelligence-ai-financial-management/index.html]
[fintechcircle.com/insights/regtech-real-time-streaming-analytics-compliance/index.html]
[2wpln01kngf046rqb1fkwlit.wpengine.netdna-cdn.com/wp-content/uploads/2017/07/fintech-wealth-management.png]
[fintechcircle.com/insights/p2p-lending-fintech/index.html]
[2wpln01kngf046rqb1fkwlit.wpengine.netdna-cdn.com/wp-content/uploads/2017/07/robo-advisor-courses.png]
[2wpln01kngf046rqb1fkwlit.wpengine.netdna-cdn.com/wp-content/uploads/2017/07/courses-online-regtech.png]
[fintechcircle.com/insights/left-goldman-sachs-fintech/index.html]
[fintechcircle.com/insights/regtech-identity-unbanked/index.html]
[2wpln01kngf046rqb1fkwlit.wpengine.netdna-cdn.com/wp-content/uploads/2017/07/learn-about-regtech.png]
[fintechcircle.com/insights/regtech-fintech-luxembourg/index.html]
[2wpln01kngf046rqb1fkwlit.wpengine.netdna-cdn.com/wp-content/uploads/2017/07/insurance-fintech-courses.png]
[2wpln01kngf046rqb1fkwlit.wpengine.netdna-cdn.com/wp-content/uploads/2017/07/asset-management-fintech.png]
[fintechcircle.com/insights/insurance-insurtech/index.html]
[fintechcircle.com/2017/07/insights/index.html]
[fintechcircle.com/insights/financial-markets-wealthtech-fintech/index.html]
[fintechcircle.com/2017/07/insights/page/2/index.html]
[fintechcircle.com/2017/07/insights/page/5/index.html]
[2wpln01kngf046rqb1fkwlit.wpengine.netdna-cdn.com/wp-content/uploads/2017/06/17-min-1.png]
[fintechcircle.com/insights/will-insurtech-address-new-risks-sharing-economy/index.html]
[2wpln01kngf046rqb1fkwlit.wpengine.netdna-cdn.com/wp-content/uploads/2017/06/18-min.png]
[fintechcircle.com/insights/can-blockchain-technology-power-areas-identity-authentication/index.html]
[2wpln01kngf046rqb1fkwlit.wpengine.netdna-cdn.com/wp-content/uploads/2017/06/16-min.png]
[fintechcircle.com/insights/empowering-women-financially/index.html]
[2wpln01kngf046rqb1fkwlit.wpengine.netdna-cdn.com/wp-content/uploads/2017/06/RegTECH-crisis-23-06.png]
[fintechcircle.com/insights/regtech-regulators-toolbox-learning-prevent-next-financial-crisis/index.html]
[2wpln01kngf046rqb1fkwlit.wpengine.netdna-cdn.com/wp-content/uploads/2017/06/WealthTECH-lego-23-06.png]
[fintechcircle.com/insights/applications-wealthtech-wealth-management-fintech/index.html]
[2wpln01kngf046rqb1fkwlit.wpengine.netdna-cdn.com/wp-content/uploads/2017/06/InsurTECH-compatible-23-06.png]
[fintechcircle.com/insights/insurtech-learn/index.html]
[2wpln01kngf046rqb1fkwlit.wpengine.netdna-cdn.com/wp-content/uploads/2017/06/RegTECH-compass-min-22-6.png]
[fintechcircle.com/insights/learn-regtech-quality-compliance/index.html]
[2wpln01kngf046rqb1fkwlit.wpengine.netdna-cdn.com/wp-content/uploads/2017/06/WT-22-6.png]
[fintechcircle.com/insights/roboadvisors-gamification-fintech/index.html]
[2wpln01kngf046rqb1fkwlit.wpengine.netdna-cdn.com/wp-content/uploads/2017/06/RegTECH-digital_customer.png]
[fintechcircle.com/insights/digital-customerend-user-regtech-matter/index.html]
[fintechcircle.com/2017/06/insights/index.html]
[fintechcircle.com/2017/05/insights/index.html]
[fintechcircle.com/2017/04/insights/index.html]
[fintechcircle.com/2017/03/insights/index.html]
[fintechcircle.com/news/94-bluffing-fintech-skills/index.html]
[fintechcircle.com/news/insurtech-insurance-themes/index.html]
[fintechcircle.com/news/australian-retail-banker-interview/index.html]
[fintechcircle.com/news/women-in-finance/index.html]
[fintechcircle.com/news/day-three-event-summary-money-2020-copenhagen/index.html]
[fintechcircle.com/news/day-two-money-2020-copenhagen/index.html]
[fintechcircle.com/news/day-one-money-2020-copenhagen/index.html]
[fintechcircle.com/news/susanne-chishti-fintech5-podcast-interview/index.html]
[fintechcircle.com/news/something-say-fintech-pitch-idea-2017-fintech-books-susanne-chishti-explains/index.html]
[2wpln01kngf046rqb1fkwlit.wpengine.netdna-cdn.com/wp-content/uploads/2017/06/FINTECH-Circle-Logo-Turquoise.html]
[2wpln01kngf046rqb1fkwlit.wpengine.netdna-cdn.com/wp-content/uploads/2017/06/FINTECH-Circle-Innovate-Logo-Purple.html]
[2wpln01kngf046rqb1fkwlit.wpengine.netdna-cdn.com/wp-content/uploads/2017/06/FinTech-High-Res-Cover.html]
[fintechcircle.com/index9787.html]
[2wpln01kngf046rqb1fkwlit.wpengine.netdna-cdn.com/wp-content/uploads/2017/06/Capture-2.html]
[2wpln01kngf046rqb1fkwlit.wpengine.netdna-cdn.com/wp-content/uploads/2017/06/2017_m2020_europe_date_primary_1-300x145.html]
[2wpln01kngf046rqb1fkwlit.wpengine.netdna-cdn.com/wp-content/uploads/2017/06/Capture-1.html]
[2wpln01kngf046rqb1fkwlit.wpengine.netdna-cdn.com/wp-content/uploads/2017/05/London-Tech-Week.html]
[fintechcircle.com/indexd7d8.html]
[fintechcircle.com/insights/page/3/index.html]
[fintechcircle.com/insights/insurtech-cat-models/index.html]
[fintechcircle.com/insights/insurtech-customers-startups-legacy/index.html]
[fintechcircle.com/insights/new-distribution-models-insurtech/index.html]
[fintechcircle.com/insights/insurtech-collaborating-chain/index.html]
[fintechcircle.com/insights/seamless-insurance-insurtech/index.html]
[fintechcircle.com/insights/insurtech-distributed-ledger-isl/index.html]
[fintechcircle.com/insights/regulatory-data-regtech-noetl/index.html]
[fintechcircle.com/insights/regtech-shared-risk-engine/index.html]
[fintechcircle.com/insights/regtech-users/index.html]
[fintechcircle.com/insights/regtech-industries/index.html]
[fintechcircle.com/index68ab.html]
[fintechcircle.com/indexa41a.html]
[fintechcircle.com/index3d9b.html]
[fintechcircle.com/index7231.html]
[fintechcircle.com/index8a24.html]
[fintechcircle.com/index2bd5.html]
[fintechcircle.com/indexe11a.html]
[fintechcircle.com/indexb988.html]
[fintechcircle.com/index6670.html]
[fintechcircle.com/index4297.html]
[fintechcircle.com/insights/page/14/index.html]
[fintechcircle.com/insights/china-asia-shaping-wealth-management-industry/index.html]
[fintechcircle.com/insights/african-fintech-opportunity/index.html]
[fintechcircle.com/insights/open-banking-will-make-customer-judge/index.html]
[fintechcircle.com/insights/fintech-newsletter-may-2017/index.html]
[fintechcircle.com/insights/fintech-newsletter-april-2017/index.html]
[fintechcircle.com/insights/httpswww-thememo-com20170323starling-monzo-azimo-funding-circle-women-finance-charter-fintech/index.html]
[fintechcircle.com/2017/10/insights/page/2/index.html]
[fintechcircle.com/2017/10/insights/page/3/index.html]
[fintechcircle.com/insights/regtech-applications/index.html]
[fintechcircle.com/insights/regtech/index.html]
[fintechcircle.com/2017/09/insights/page/2/index.html]
[fintechcircle.com/2017/09/insights/page/3/index.html]
[fintechcircle.com/insights/claim-settlement-insurtech-predictive-analytics/index.html]
[fintechcircle.com/insights/banking-supervision-crossroads/index.html]
[fintechcircle.com/insights/insurtech-fintech-insurance/index.html]
[fintechcircle.com/insights/wealth-management-cybersecurity-fintech/index.html]
[fintechcircle.com/insights/surveillance-regtech-fintech/index.html]
[fintechcircle.com/insights/insurtech-traction/index.html]
[fintechcircle.com/insights/behavioural-wealthtech-fintech/index.html]
[fintechcircle.com/insights/regtech-legacy-tools/index.html]
[fintechcircle.com/insights/insurtech-insurance-trends/index.html]
[fintechcircle.com/insights/private-banker-fintech/index.html]
[fintechcircle.com/2017/08/insights/page/2/index.html]
[fintechcircle.com/2017/08/insights/page/3/index.html]
[fintechcircle.com/insights/personal-financial-intelligence-ai-financial-management/index.html]
[fintechcircle.com/insights/regtech-real-time-streaming-analytics-compliance/index.html]
[fintechcircle.com/insights/p2p-lending-fintech/index.html]
[fintechcircle.com/insights/left-goldman-sachs-fintech/index.html]
[fintechcircle.com/insights/regtech-identity-unbanked/index.html]
[fintechcircle.com/insights/regtech-fintech-luxembourg/index.html]
[fintechcircle.com/insights/insurance-insurtech/index.html]
[fintechcircle.com/insights/financial-markets-wealthtech-fintech/index.html]
[fintechcircle.com/2017/07/insights/page/2/index.html]
[fintechcircle.com/2017/07/insights/page/5/index.html]
[fintechcircle.com/insights/will-insurtech-address-new-risks-sharing-economy/index.html]
[fintechcircle.com/insights/can-blockchain-technology-power-areas-identity-authentication/index.html]
[fintechcircle.com/insights/empowering-women-financially/index.html]
[fintechcircle.com/insights/regtech-regulators-toolbox-learning-prevent-next-financial-crisis/index.html]
[fintechcircle.com/insights/applications-wealthtech-wealth-management-fintech/index.html]
[fintechcircle.com/insights/insurtech-learn/index.html]
[fintechcircle.com/insights/learn-regtech-quality-compliance/index.html]
[fintechcircle.com/insights/roboadvisors-gamification-fintech/index.html]
[fintechcircle.com/insights/digital-customerend-user-regtech-matter/index.html]
[2wpln01kngf046rqb1fkwlit.wpengine.netdna-cdn.com/wp-content/themes/fintech/assets/img/photo-regueiro.jpg]
[2wpln01kngf046rqb1fkwlit.wpengine.netdna-cdn.com/wp-content/uploads/2017/07/download-1.png]
[2wpln01kngf046rqb1fkwlit.wpengine.netdna-cdn.com/wp-content/uploads/2017/06/Capture-6.png]
[2wpln01kngf046rqb1fkwlit.wpengine.netdna-cdn.com/wp-content/themes/fintech/assets/img/logo-partner-angelsden.png]
[2wpln01kngf046rqb1fkwlit.wpengine.netdna-cdn.com/wp-content/themes/fintech/assets/img/logo-citi.jpg]
[2wpln01kngf046rqb1fkwlit.wpengine.netdna-cdn.com/wp-content/themes/fintech/assets/img/community-fintech-tours.jpg]
[2wpln01kngf046rqb1fkwlit.wpengine.netdna-cdn.com/wp-content/themes/fintech/assets/img/community-wealthtech-book.jpg]
[2wpln01kngf046rqb1fkwlit.wpengine.netdna-cdn.com/wp-content/uploads/2017/10/insurtech-course-101.png]
[fintechcircle.com/insights/social-responsibility-impact-robo-advisors/index.html]
[2wpln01kngf046rqb1fkwlit.wpengine.netdna-cdn.com/wp-content/uploads/2017/09/learn-fintech.jpg]
[fintechcircle.com/insights/wealthtech-robo-advisors/index.html]
[2wpln01kngf046rqb1fkwlit.wpengine.netdna-cdn.com/wp-content/uploads/2017/09/robo-advisor.jpg]
[fintechcircle.com/insights/digital-identity-regtech/index.html]
[2wpln01kngf046rqb1fkwlit.wpengine.netdna-cdn.com/wp-content/uploads/2017/09/regtech-course1.jpg]
[fintechcircle.com/insights/insurtech-business-model/index.html]
[2wpln01kngf046rqb1fkwlit.wpengine.netdna-cdn.com/wp-content/uploads/2017/09/insurtechcourses.jpg]
[fintechcircle.com/insights/insurance-insurtechs/index.html]
[2wpln01kngf046rqb1fkwlit.wpengine.netdna-cdn.com/wp-content/uploads/2017/09/insurtech-course-1.jpg]
[fintechcircle.com/insights/leveraging-regtech/index.html]
[2wpln01kngf046rqb1fkwlit.wpengine.netdna-cdn.com/wp-content/uploads/2017/09/fintechcourse.jpg]
[fintechcircle.com/insights/personalized-wealth-management-robo-advisory-wealthtech/index.html]
[2wpln01kngf046rqb1fkwlit.wpengine.netdna-cdn.com/wp-content/uploads/2017/09/fintech-course-3.jpg]
[fintechcircle.com/insights/insurtech-definition/index.html]
[2wpln01kngf046rqb1fkwlit.wpengine.netdna-cdn.com/wp-content/uploads/2017/09/insurtech-course.jpg]
[2wpln01kngf046rqb1fkwlit.wpengine.netdna-cdn.com/wp-content/uploads/2017/08/insurtech-fintech-courses-1.jpg]
[fintechcircle.com/insights/life-insurance-insurtech/index.html]
[fintechcircle.com/insights/regtech-private-security-industry-regulatory-regime/index.html]
[2wpln01kngf046rqb1fkwlit.wpengine.netdna-cdn.com/wp-content/uploads/2017/07/regtech-course-fintech.png]
[2wpln01kngf046rqb1fkwlit.wpengine.netdna-cdn.com/wp-content/uploads/2017/06/RegTECH-digital_customer.png]
[fintechcircle.com/insights/incumbent-insurtech-collaboration-via-open-innovation-strategy/index.html]
[2wpln01kngf046rqb1fkwlit.wpengine.netdna-cdn.com/wp-content/uploads/2017/06/5.png]
[fintechcircle.com/2017/06/insights/page/2/index.html]
[fintechcircle.com/index391d.html]
[fintechcircle.com/wp-json/oembed/1.0/embed2f50]
[fintechcircle.com/wp-json/oembed/1.0/embed08a8]
[fintechcircle.com/2017/09/news/index.html]
[fintechcircle.com/2017/07/news/index.html]
[fintechcircle.com/2017/06/news/index.html]
[fintechcircle.com/2017/05/news/index.html]
[fintechcircle.com/2017/01/news/index.html]
[fintechcircle.com/index763e.html]
[fintechcircle.com/wp-json/oembed/1.0/embede164]
[fintechcircle.com/wp-json/oembed/1.0/embed5ab6]
[fintechcircle.com/indexf9ae.html]
[fintechcircle.com/wp-json/oembed/1.0/embed8ab5]
[fintechcircle.com/wp-json/oembed/1.0/embed1ebf]
[2wpln01kngf046rqb1fkwlit.wpengine.netdna-cdn.com/wp-content/uploads/2017/07/Slide1-300x169.jpg]
[fintechcircle.com/indexc5e7.html]
[fintechcircle.com/wp-json/oembed/1.0/embeda3e9]
[fintechcircle.com/wp-json/oembed/1.0/embedb3fe]
[fintechcircle.com/indexf8fc.html]
[fintechcircle.com/wp-json/oembed/1.0/embedca7a]
[fintechcircle.com/wp-json/oembed/1.0/embedc683]
[2wpln01kngf046rqb1fkwlit.wpengine.netdna-cdn.com/wp-content/uploads/2017/07/alipay-e1499273991610.jpg]
[2wpln01kngf046rqb1fkwlit.wpengine.netdna-cdn.com/wp-content/uploads/2017/07/DDZ_T4cXoAEK4um-e1499274271151.jpg]
[2wpln01kngf046rqb1fkwlit.wpengine.netdna-cdn.com/wp-content/uploads/2017/07/DDazO9YWAAMPvnn-e1499275512449.jpg]
[fintechcircle.com/index960c.html]
[fintechcircle.com/wp-json/oembed/1.0/embed4b90]
[fintechcircle.com/wp-json/oembed/1.0/embed7b37]
[2wpln01kngf046rqb1fkwlit.wpengine.netdna-cdn.com/wp-content/uploads/2017/06/DDU-ewXUAEEfwW.jpg]
[2wpln01kngf046rqb1fkwlit.wpengine.netdna-cdn.com/wp-content/uploads/2017/06/DDVEoBXXYAAyrgY.jpg]
[fintechcircle.com/index4cfb.html]
[fintechcircle.com/wp-json/oembed/1.0/embed032c]
[fintechcircle.com/wp-json/oembed/1.0/embed5a63]
[2wpln01kngf046rqb1fkwlit.wpengine.netdna-cdn.com/wp-content/uploads/2017/06/Capture-5.png]
[2wpln01kngf046rqb1fkwlit.wpengine.netdna-cdn.com/wp-content/uploads/2017/06/DDQFK1DXcAIUxO_.jpg]
[fintechcircle.com/index0b1f.html]
[fintechcircle.com/wp-json/oembed/1.0/embed438d]
[fintechcircle.com/wp-json/oembed/1.0/embeddf1c]
[fintechcircle.com/index7dad.html]
[fintechcircle.com/wp-json/oembed/1.0/embed3b61]
[fintechcircle.com/wp-json/oembed/1.0/embed42e1]
[fintechcircle.com/insights/page/4/index.html]
[fintechcircle.com/insights/white-label-hybrid-advisory-robos/index.html]
[2wpln01kngf046rqb1fkwlit.wpengine.netdna-cdn.com/wp-content/uploads/2017/10/shutterstock_363629945-1.jpg]
[fintechcircle.com/insights/digital-asset-management-fintech/index.html]
[2wpln01kngf046rqb1fkwlit.wpengine.netdna-cdn.com/wp-content/uploads/2017/10/shutterstock_363629945.jpg]
[fintechcircle.com/index0b5c.html]
[fintechcircle.com/wp-json/oembed/1.0/embed3323]
[fintechcircle.com/wp-json/oembed/1.0/embedaa1f]
[fintechcircle.com/indexc3e5.html]
[fintechcircle.com/wp-json/oembed/1.0/embed48f2]
[fintechcircle.com/wp-json/oembed/1.0/embed3dc4]
[fintechcircle.com/index8e8b.html]
[fintechcircle.com/wp-json/oembed/1.0/embede581]
[fintechcircle.com/wp-json/oembed/1.0/embed7b69]
[fintechcircle.com/indexa448.html]
[fintechcircle.com/wp-json/oembed/1.0/embed1c49]
[fintechcircle.com/wp-json/oembed/1.0/embede329]
[fintechcircle.com/index5874.html]
[fintechcircle.com/wp-json/oembed/1.0/embed35a9]
[fintechcircle.com/wp-json/oembed/1.0/embed7ac1]
[fintechcircle.com/index3b66.html]
[fintechcircle.com/wp-json/oembed/1.0/embed2626]
[fintechcircle.com/wp-json/oembed/1.0/embede1df]
[fintechcircle.com/index8348.html]
[fintechcircle.com/wp-json/oembed/1.0/embed031f]
[fintechcircle.com/wp-json/oembed/1.0/embedb767]
[fintechcircle.com/index027d.html]
[fintechcircle.com/wp-json/oembed/1.0/embedcd86]
[fintechcircle.com/wp-json/oembed/1.0/embed0815]
[fintechcircle.com/indexf0e8.html]
[fintechcircle.com/wp-json/oembed/1.0/embed12b8]
[fintechcircle.com/wp-json/oembed/1.0/embed52f6]
[fintechcircle.com/index8005.html]
[fintechcircle.com/wp-json/oembed/1.0/embed441d]
[fintechcircle.com/wp-json/oembed/1.0/embeda6c3]
[fintechcircle.com/insights/page/13/index.html]
[fintechcircle.com/insights/wealth-management-platform-new-business-architecture-psd2/index.html]
[2wpln01kngf046rqb1fkwlit.wpengine.netdna-cdn.com/wp-content/uploads/2017/06/7-min.png]
[fintechcircle.com/insights/using-behavior-modification-gamification-bring-insurers-connected-world/index.html]
[2wpln01kngf046rqb1fkwlit.wpengine.netdna-cdn.com/wp-content/uploads/2017/06/gamification-insurance.png]
[fintechcircle.com/insights/insurtech-turkey-challenges-opportunities/index.html]
[2wpln01kngf046rqb1fkwlit.wpengine.netdna-cdn.com/wp-content/uploads/2017/06/6-1.png]
[fintechcircle.com/insights/what-is-regtech/index.html]
[2wpln01kngf046rqb1fkwlit.wpengine.netdna-cdn.com/wp-content/uploads/2017/06/6.png]
[fintechcircle.com/insights/got-wont-get-challenges-driving-innovation-disruption/index.html]
[2wpln01kngf046rqb1fkwlit.wpengine.netdna-cdn.com/wp-content/uploads/2017/06/4.png]
[fintechcircle.com/insights/fourth-money-laundering-directive-4mld-likely-effective/index.html]
[2wpln01kngf046rqb1fkwlit.wpengine.netdna-cdn.com/wp-content/uploads/2017/06/2.png]
[fintechcircle.com/index2c5f.html]
[fintechcircle.com/wp-json/oembed/1.0/embed88c5]
[fintechcircle.com/wp-json/oembed/1.0/embed9f97]
[fintechcircle.com/indexc79d.html]
[fintechcircle.com/wp-json/oembed/1.0/embed5b6b]
[fintechcircle.com/wp-json/oembed/1.0/embed7310]
[res.cloudinary.com/hrscywv4p/image/upload/c_limit,fl_lossy,h_9000,w_1200,f_auto,q_auto/v1/178623/Image_1_Africa_Fintech_article_spu0dq.jpg]
[fintechcircle.com/index1639.html]
[fintechcircle.com/wp-json/oembed/1.0/embed0aae]
[fintechcircle.com/wp-json/oembed/1.0/embedcf24]
[2wpln01kngf046rqb1fkwlit.wpengine.netdna-cdn.com/wp-content/uploads/2017/06/c11a-300x253.jpg]
[fintechcircle.com/index67bc.html]
[fintechcircle.com/wp-json/oembed/1.0/embedfa15]
[fintechcircle.com/wp-json/oembed/1.0/embedaeb4]
[2wpln01kngf046rqb1fkwlit.wpengine.netdna-cdn.com/wp-content/uploads/2017/06/a6a691f2-41a4-4f43-a77f-67900bad2bad.jpg]
[2wpln01kngf046rqb1fkwlit.wpengine.netdna-cdn.com/wp-content/uploads/2017/06/Capture.png]
[fintechcircle.com/indexc61d.html]
[fintechcircle.com/wp-json/oembed/1.0/embed5220]
[fintechcircle.com/wp-json/oembed/1.0/embedcd03]
[2wpln01kngf046rqb1fkwlit.wpengine.netdna-cdn.com/wp-content/uploads/2017/06/a1599272-fa7e-46bf-a9bd-54d50982bb62-300x58.jpg]
[fintechcircle.com/index2d8c.html]
[fintechcircle.com/wp-json/oembed/1.0/embed934c]
[fintechcircle.com/wp-json/oembed/1.0/embed500f]
[fintechcircle.com/index3c55.html]
[fintechcircle.com/wp-json/oembed/1.0/embed7249]
[fintechcircle.com/wp-json/oembed/1.0/embed9580]
[fintechcircle.com/indexc78f.html]
[fintechcircle.com/wp-json/oembed/1.0/embed6063]
[fintechcircle.com/wp-json/oembed/1.0/embedf6bc]
[fintechcircle.com/insights/wealthtech-driven-data/index.html]
[2wpln01kngf046rqb1fkwlit.wpengine.netdna-cdn.com/wp-content/uploads/2017/09/wealthtech1.jpg]
[fintechcircle.com/insights/regtech-qualative-data/index.html]
[2wpln01kngf046rqb1fkwlit.wpengine.netdna-cdn.com/wp-content/uploads/2017/09/regtech-course.png]
[fintechcircle.com/insights/insurtech-life-expectancy/index.html]
[2wpln01kngf046rqb1fkwlit.wpengine.netdna-cdn.com/wp-content/uploads/2017/09/insurtech-courses.jpg]
[fintechcircle.com/insights/artificial-intelligence-wealth-management/index.html]
[2wpln01kngf046rqb1fkwlit.wpengine.netdna-cdn.com/wp-content/uploads/2017/09/fintech-course-2.jpg]
[fintechcircle.com/insights/trade-receivables-ifrs9-regulator-regtech-ias39/index.html]
[2wpln01kngf046rqb1fkwlit.wpengine.netdna-cdn.com/wp-content/uploads/2017/09/fintech.jpg]
[fintechcircle.com/insights/insurance-integration-insurtech/index.html]
[2wpln01kngf046rqb1fkwlit.wpengine.netdna-cdn.com/wp-content/uploads/2017/09/courses.jpg]
[fintechcircle.com/insights/wealthtech-millennials-fintech/index.html]
[2wpln01kngf046rqb1fkwlit.wpengine.netdna-cdn.com/wp-content/uploads/2017/09/fintech-course-1.jpg]
[fintechcircle.com/insights/regulations-compliance-regtech/index.html]
[2wpln01kngf046rqb1fkwlit.wpengine.netdna-cdn.com/wp-content/uploads/2017/09/courses-fintech.jpg]
[fintechcircle.com/insights/insurance-insurtech-chatbots/index.html]
[2wpln01kngf046rqb1fkwlit.wpengine.netdna-cdn.com/wp-content/uploads/2017/09/fintech-course.jpg]
[fintechcircle.com/insights/stock-market-classic-wealth-manager-wealthtech/index.html]
[2wpln01kngf046rqb1fkwlit.wpengine.netdna-cdn.com/wp-content/uploads/2017/09/2.jpg]
[fintechcircle.com/insights/regtech-digital-marketing/index.html]
[2wpln01kngf046rqb1fkwlit.wpengine.netdna-cdn.com/wp-content/uploads/2017/09/regtech-2.jpg]
[fintechcircle.com/insights/insurance-utility-insurtech/index.html]
[2wpln01kngf046rqb1fkwlit.wpengine.netdna-cdn.com/wp-content/uploads/2017/09/insurtech-analytics-1.jpg]
[fintechcircle.com/insights/wealthtech-wealth-management-value-chain/index.html]
[2wpln01kngf046rqb1fkwlit.wpengine.netdna-cdn.com/wp-content/uploads/2017/09/wealthtech-3.jpg]
[fintechcircle.com/insights/ai-will-cause-robo-advice-completely-outperform-human-advice-2/index.html]
[2wpln01kngf046rqb1fkwlit.wpengine.netdna-cdn.com/wp-content/uploads/2017/09/wealthtech-2.jpg]
[fintechcircle.com/insights/case-study-implementation-anticorruption-law-compliance-application/index.html]
[2wpln01kngf046rqb1fkwlit.wpengine.netdna-cdn.com/wp-content/uploads/2017/09/regtech-1.jpg]
[fintechcircle.com/insights/sharing-economy-wealthtech-collaboration/index.html]
[2wpln01kngf046rqb1fkwlit.wpengine.netdna-cdn.com/wp-content/uploads/2017/09/wealthtech-1.jpg]
[fintechcircle.com/insights/insurtech-insurance-culture-adoption/index.html]
[2wpln01kngf046rqb1fkwlit.wpengine.netdna-cdn.com/wp-content/uploads/2017/09/insurtech-analytics2.jpg]
[fintechcircle.com/insights/ledger-wealthtech-fintech/index.html]
[2wpln01kngf046rqb1fkwlit.wpengine.netdna-cdn.com/wp-content/uploads/2017/09/wealthtech.jpg]
[fintechcircle.com/insights/regtech-regulation-scalable/index.html]
[2wpln01kngf046rqb1fkwlit.wpengine.netdna-cdn.com/wp-content/uploads/2017/09/regtech.jpg]
[fintechcircle.com/index7681.html]
[fintechcircle.com/wp-json/oembed/1.0/embed04d6]
[fintechcircle.com/wp-json/oembed/1.0/embedf024]
[fintechcircle.com/index8ef5.html]
[fintechcircle.com/wp-json/oembed/1.0/embed08be]
[fintechcircle.com/wp-json/oembed/1.0/embedaa27]
[fintechcircle.com/indexb357.html]
[fintechcircle.com/wp-json/oembed/1.0/embed52a7]
[fintechcircle.com/wp-json/oembed/1.0/embed093e]
[fintechcircle.com/index0a82.html]
[fintechcircle.com/wp-json/oembed/1.0/embed77f0]
[fintechcircle.com/wp-json/oembed/1.0/embeddb7b]
[fintechcircle.com/indexc7c9.html]
[fintechcircle.com/wp-json/oembed/1.0/embedc853]
[fintechcircle.com/wp-json/oembed/1.0/embeddefe]
[fintechcircle.com/indexa83f.html]
[fintechcircle.com/wp-json/oembed/1.0/embedab15]
[fintechcircle.com/wp-json/oembed/1.0/embed8af8]
[fintechcircle.com/index327d.html]
[fintechcircle.com/wp-json/oembed/1.0/embed658b]
[fintechcircle.com/wp-json/oembed/1.0/embed468f]
[fintechcircle.com/indexd072.html]
[fintechcircle.com/wp-json/oembed/1.0/embed0376]
[fintechcircle.com/wp-json/oembed/1.0/embed9cf1]
[fintechcircle.com/indexc921.html]
[fintechcircle.com/wp-json/oembed/1.0/embedd2b2]
[fintechcircle.com/wp-json/oembed/1.0/embedb615]
[fintechcircle.com/indexb703.html]
[fintechcircle.com/wp-json/oembed/1.0/embedde07]
[fintechcircle.com/wp-json/oembed/1.0/embed2eab]
[fintechcircle.com/insights/regtech-where-are-we-headed/index.html]
[2wpln01kngf046rqb1fkwlit.wpengine.netdna-cdn.com/wp-content/uploads/2017/08/regtech-fintech-regulation-1.png]
[fintechcircle.com/insights/insurtech-managing-risks-fintech/index.html]
[2wpln01kngf046rqb1fkwlit.wpengine.netdna-cdn.com/wp-content/uploads/2017/08/insurance-insurtech-1.png]
[fintechcircle.com/insights/ai-enabled-investing-fintech/index.html]
[2wpln01kngf046rqb1fkwlit.wpengine.netdna-cdn.com/wp-content/uploads/2017/08/wealthtech-fintech-finance.png]
[fintechcircle.com/insights/regtechs-market-niche-fintech/index.html]
[2wpln01kngf046rqb1fkwlit.wpengine.netdna-cdn.com/wp-content/uploads/2017/08/regtech-fintech-banking.png]
[fintechcircle.com/insights/architecture-blockchain-fintech/index.html]
[2wpln01kngf046rqb1fkwlit.wpengine.netdna-cdn.com/wp-content/uploads/2017/08/22-min.png]
[fintechcircle.com/insights/social-media-insurance/index.html]
[2wpln01kngf046rqb1fkwlit.wpengine.netdna-cdn.com/wp-content/uploads/2017/08/insurtech-fintech-insurance.png]
[fintechcircle.com/insights/regbot-financial-services-fintech-regtech/index.html]
[2wpln01kngf046rqb1fkwlit.wpengine.netdna-cdn.com/wp-content/uploads/2017/08/regtech-fintech-compliance.png]
[fintechcircle.com/insights/discover-real-insurtech-startups-differently/index.html]
[2wpln01kngf046rqb1fkwlit.wpengine.netdna-cdn.com/wp-content/uploads/2017/08/insurtech-fintech-compliance.png]
[fintechcircle.com/insights/wealthtech-startups-roboadvisors/index.html]
[2wpln01kngf046rqb1fkwlit.wpengine.netdna-cdn.com/wp-content/uploads/2017/08/19-min.png]
[fintechcircle.com/insights/insurtech-artificial-intelligence-insurance-brokers/index.html]
[2wpln01kngf046rqb1fkwlit.wpengine.netdna-cdn.com/wp-content/uploads/2017/08/AI-insurtech-courses-1.png]
[fintechcircle.com/insights/the-roi-of-regtech/index.html]
[2wpln01kngf046rqb1fkwlit.wpengine.netdna-cdn.com/wp-content/uploads/2017/08/regtech-fintech-courses-1.png]
[fintechcircle.com/insights/fintech-penny-dropped/index.html]
[2wpln01kngf046rqb1fkwlit.wpengine.netdna-cdn.com/wp-content/uploads/2017/08/fintech.png]
[fintechcircle.com/insights/regtech-financial-inclusion/index.html]
[2wpln01kngf046rqb1fkwlit.wpengine.netdna-cdn.com/wp-content/uploads/2017/08/RegTech-courses.png]
[fintechcircle.com/insights/data-insurtech/index.html]
[2wpln01kngf046rqb1fkwlit.wpengine.netdna-cdn.com/wp-content/uploads/2017/08/InsurTech-course.png]
[fintechcircle.com/insights/wealth-management-collaboration-wealthtech/index.html]
[2wpln01kngf046rqb1fkwlit.wpengine.netdna-cdn.com/wp-content/uploads/2017/08/WealthTech-Courses.png]
[fintechcircle.com/insights/regtech-tool-fintech/index.html]
[2wpln01kngf046rqb1fkwlit.wpengine.netdna-cdn.com/wp-content/uploads/2017/08/fintech-regtech-1.png]
[fintechcircle.com/insights/long-tail-insurance-buying-cycle/index.html]
[2wpln01kngf046rqb1fkwlit.wpengine.netdna-cdn.com/wp-content/uploads/2017/08/fintech-insurtech-courses.png]
[fintechcircle.com/insights/fintech-asset-owners-buy-side-wealthtech/index.html]
[2wpln01kngf046rqb1fkwlit.wpengine.netdna-cdn.com/wp-content/uploads/2017/08/fintech-wealthtech.png]
[fintechcircle.com/insights/insurtech-customer-experience/index.html]
[2wpln01kngf046rqb1fkwlit.wpengine.netdna-cdn.com/wp-content/uploads/2017/08/insurtech-fintech-courses-1.png]
[fintechcircle.com/insights/wealthtech-backoffice-robo/index.html]
[2wpln01kngf046rqb1fkwlit.wpengine.netdna-cdn.com/wp-content/uploads/2017/08/25-min-10.png]
[fintechcircle.com/index6144.html]
[fintechcircle.com/wp-json/oembed/1.0/embed5b97]
[fintechcircle.com/wp-json/oembed/1.0/embed8d7b]
[fintechcircle.com/index461a.html]
[fintechcircle.com/wp-json/oembed/1.0/embed1ab4]
[fintechcircle.com/wp-json/oembed/1.0/embed7150]
[fintechcircle.com/indexab1b.html]
[fintechcircle.com/wp-json/oembed/1.0/embedd58f]
[fintechcircle.com/wp-json/oembed/1.0/embed9523]
[fintechcircle.com/index7a13.html]
[fintechcircle.com/wp-json/oembed/1.0/embedda39]
[fintechcircle.com/wp-json/oembed/1.0/embed22c4]
[fintechcircle.com/index975e.html]
[fintechcircle.com/wp-json/oembed/1.0/embedc117]
[fintechcircle.com/wp-json/oembed/1.0/embed84c6]
[fintechcircle.com/indexee96.html]
[fintechcircle.com/wp-json/oembed/1.0/embed09f8]
[fintechcircle.com/wp-json/oembed/1.0/embedfeef]
[fintechcircle.com/indexaaf8.html]
[fintechcircle.com/wp-json/oembed/1.0/embeda7b3]
[fintechcircle.com/wp-json/oembed/1.0/embed7ec0]
[fintechcircle.com/indexe398.html]
[fintechcircle.com/wp-json/oembed/1.0/embed43c4]
[fintechcircle.com/wp-json/oembed/1.0/embed6b4f]
[fintechcircle.com/insights/mifid2-mad2-psd2-regtech/index.html]
[2wpln01kngf046rqb1fkwlit.wpengine.netdna-cdn.com/wp-content/uploads/2017/07/fintech-courses.png]
[fintechcircle.com/insights/insurtech-cyber-risk/index.html]
[2wpln01kngf046rqb1fkwlit.wpengine.netdna-cdn.com/wp-content/uploads/2017/07/insurtech-security.png]
[fintechcircle.com/insights/robo-advisors-courses-fintech/index.html]
[2wpln01kngf046rqb1fkwlit.wpengine.netdna-cdn.com/wp-content/uploads/2017/07/wealth-management-fintech.png]
[fintechcircle.com/insights/emerging-technologies-emerging-markets-robo-advisor/index.html]
[2wpln01kngf046rqb1fkwlit.wpengine.netdna-cdn.com/wp-content/uploads/2017/07/robo-advisor-course-1.png]
[fintechcircle.com/insights/regtech-api-banking/index.html]
[2wpln01kngf046rqb1fkwlit.wpengine.netdna-cdn.com/wp-content/uploads/2017/07/courses-regtech.png]
[fintechcircle.com/insights/globalization-financial-market-regtech/index.html]
[2wpln01kngf046rqb1fkwlit.wpengine.netdna-cdn.com/wp-content/uploads/2017/07/fintech-online-course.png]
[fintechcircle.com/insights/insurtech-trends-insurance-localization/index.html]
[2wpln01kngf046rqb1fkwlit.wpengine.netdna-cdn.com/wp-content/uploads/2017/07/course-insurtech-2.png]
[fintechcircle.com/insights/security-wealthtech/index.html]
[2wpln01kngf046rqb1fkwlit.wpengine.netdna-cdn.com/wp-content/uploads/2017/07/wealth-management.png]
[fintechcircle.com/insights/regtech-dashboard/index.html]
[2wpln01kngf046rqb1fkwlit.wpengine.netdna-cdn.com/wp-content/uploads/2017/07/course-regtech.png]
[fintechcircle.com/insights/wealthtech-corporate-institutional-clients/index.html]
[2wpln01kngf046rqb1fkwlit.wpengine.netdna-cdn.com/wp-content/uploads/2017/07/wealthtech.png]
[fintechcircle.com/2017/07/insights/page/3/index.html]
[fintechcircle.com/insights/page/5/index.html]
[fintechcircle.com/insights/regtech-impact-private-security-industry-transition-new-regulatory-regime/index.html]
[2wpln01kngf046rqb1fkwlit.wpengine.netdna-cdn.com/wp-content/uploads/2017/07/06.07.png]
[fintechcircle.com/insights/micro-insurance-becoming-imperative-insurers-keep-customers-needs/index.html]
[2wpln01kngf046rqb1fkwlit.wpengine.netdna-cdn.com/wp-content/uploads/2017/07/20-min.png]
[fintechcircle.com/insights/wealthtech-latin-america-just-beginning/index.html]
[2wpln01kngf046rqb1fkwlit.wpengine.netdna-cdn.com/wp-content/uploads/2017/07/04-07.png]
[fintechcircle.com/2017/07/insights/page/4/index.html]
[fintechcircle.com/index61a9.html]
[fintechcircle.com/wp-json/oembed/1.0/embedf021]
[fintechcircle.com/wp-json/oembed/1.0/embed7311]
[fintechcircle.com/index84df.html]
[fintechcircle.com/wp-json/oembed/1.0/embed9d55]
[fintechcircle.com/wp-json/oembed/1.0/embede6ce]
[fintechcircle.com/indexaa4f.html]
[fintechcircle.com/wp-json/oembed/1.0/embedfebc]
[fintechcircle.com/wp-json/oembed/1.0/embed7385]
[fintechcircle.com/index9a9b.html]
[fintechcircle.com/wp-json/oembed/1.0/embedfc99]
[fintechcircle.com/wp-json/oembed/1.0/embed5363]
[fintechcircle.com/index27cd.html]
[fintechcircle.com/wp-json/oembed/1.0/embed1d78]
[fintechcircle.com/wp-json/oembed/1.0/embed8a32]
[fintechcircle.com/indexc37e.html]
[fintechcircle.com/wp-json/oembed/1.0/embed70eb]
[fintechcircle.com/wp-json/oembed/1.0/embed1b78]
[fintechcircle.com/index912b.html]
[fintechcircle.com/wp-json/oembed/1.0/embed77ca]
[fintechcircle.com/wp-json/oembed/1.0/embed1d2b]
[fintechcircle.com/indexbc6e.html]
[fintechcircle.com/wp-json/oembed/1.0/embedbedd]
[fintechcircle.com/wp-json/oembed/1.0/embedcf03]
[fintechcircle.com/indexda6e.html]
[fintechcircle.com/wp-json/oembed/1.0/embed4cc4]
[fintechcircle.com/wp-json/oembed/1.0/embed575f]
